/* -*- Mode: c -*- */
#ifndef __HTTP_MAP_
#define __HTTP_MAP_

/*
 * Copyright (C) 2009, Strawberry Development Group.
 *
 * This file is part of the EROS Operating System.
 *
 * This program is free software; you can redistribute it and/or
 * modify it under the terms of the GNU General Public License
 * as published by the Free Software Foundation; either version 2,
 * or (at your option) any later version.
 *
 * This program is distributed in the hope that it will be useful,
 * but WITHOUT ANY WARRANTY; without even the implied warranty of
 * MERCHANTABILITY or FITNESS FOR A PARTICULAR PURPOSE.  See the
 * GNU General Public License for more details.
 *
 * You should have received a copy of the GNU General Public License
 * along with this program; if not, write to the Free Software
 * Foundation, 59 Temple Place - Suite 330, Boston, MA 02111-1307, USA.
 */
/* This material is based upon work supported by the US Defense Advanced
Research Projects Agency under Contract No. W31P4Q-07-C-0070.
Approved for public release, distribution unlimited. */

#define W1Mult(name, rsakey, certificate)	 \
name##http_proc = new process; \
name##http.prog = small program LIBDIR "http"; \
name##http_proc pc = symbol LIBDIR "http" _start; \
name##http_proc.space = name##http.prog with page at 0x1d000; \
name##http_proc.space = name##http.prog with page at 0x1e000; \
name##http_proc.space[30] = certificate; \
name##http_proc.space[31] = rsakey; \
name##http_proc space = name##http_proc.space; \
name##http_proc schedule = sched(8); \
name##http_proc symtab = number("http"); \
name##w1mult_proc key reg KR_CONSTIT = w1mult_constit; \
name##w1mult_proc key reg KR_SELF = name##w1mult_proc; \
name##w1mult_proc key reg KR_BANK = primebank; \
name##w1mult_proc key reg KR_SCHED = sched(8); \


/*BOOT_CONSTRUCTOR(netlistener_c, netlistener);
PROD_SPACE(netlistener_c) = small program LIBDIR "netlistener";
PROD_PC(netlistener_c) = symbol LIBDIR "netlistener" _start;
PROD_SYM(netlistener_c) = number("netlistener");
name##w1mult_proc.space = name##w1mult.prog with page at 0x1e000; \
name##w1mult_proc.space[31] = configseg; \
PROD_CONSTIT(netlistener_c,KC_OSTREAM,3) = misc Console;
PROD_CONSTIT(netlistener_c,KC_PROTOSPACE,4) = protospace;
PROD_CONSTIT(netlistener_c,KC_RTC,5) = misc RTC;
*/
#endif // __HTTP_MAP_
