/* -*- Mode: c -*- */
#ifndef __DEVCLOCK_MAP_
#define __DEVCLOCK_MAP_

/*
 * Copyright (C) 2007, Strawberry Development Group.
 *
 * This file is part of the CapROS Operating System runtime library.
 *
 * This library is free software; you can redistribute it and/or
 * modify it under the terms of the GNU Lesser General Public License
 * as published by the Free Software Foundation; either version 2
 * of the License, or (at your option) any later version.
 *
 * This library is distributed in the hope that it will be useful,
 * but WITHOUT ANY WARRANTY; without even the implied warranty of
 * MERCHANTABILITY or FITNESS FOR A PARTICULAR PURPOSE.  See the
 * GNU Lesser General Public License for more details.
 *
 * You should have received a copy of the GNU Lesser General Public
 * License along with this library; if not, write to the Free Software
 * Foundation, 59 Temple Place - Suite 330 Boston, MA 02111-1307, USA.
 */

/* This material is based upon work supported by the US Defense Advanced
Research Projects Agency under Contract No. W31P4Q-07-C-0070.
Approved for public release, distribution unlimited. */

/*********************************************************
 * DEVCLOCK program.
 *********************************************************/

devclock.prog = small program LIBDIR "devclock";

/* FIXME: if there is no device register, devRegAddr is zero,
   and we construct a key for physical page zero. */

#define DEVCLOCK(name, rate, devRegAddr, enableMask) \
  name##_devclock_proc = new process; \
  name##_devclock_proc pc = symbol LIBDIR "devclock" _start; \
  name##_devclock_proc.space = devclock.prog with page at 0x1f000; \
  name##_devclock_procregpage = physpage ((devRegAddr) & ~EROS_PAGE_MASK); \
  name##_devclock_proc.space[0x1d] = name##_devclock_procregpage; \
  name##_devclock_proc space = name##_devclock_proc.space; \
  name##_devclock_proc schedule = sched(8 /* use 14? */ ); \
  name##_devclock_proc symtab = number("devclock"); \
  name##_devclock_proc key reg 7 = number(rate, (devRegAddr), (enableMask)); \
  name##_devclock_proc key reg 8 = misc Console; \
  run name##_devclock_proc; \
  name##_devclock = start name##_devclock_proc 0;

#endif
