#ifndef __DRIVER_MAP_
#define __DRIVER_MAP_
/*
 * Copyright (C) 2008, Strawberry Development Group.
 *
 * This file is part of the CapROS Operating System runtime library.
 *
 * This library is free software; you can redistribute it and/or
 * modify it under the terms of the GNU Lesser General Public License
 * as published by the Free Software Foundation; either version 2
 * of the License, or (at your option) any later version.
 *
 * This library is distributed in the hope that it will be useful,
 * but WITHOUT ANY WARRANTY; without even the implied warranty of
 * MERCHANTABILITY or FITNESS FOR A PARTICULAR PURPOSE.  See the
 * GNU Lesser General Public License for more details.
 *
 * You should have received a copy of the GNU Lesser General Public
 * License along with this library; if not, write to the Free Software
 * Foundation, 59 Temple Place - Suite 330 Boston, MA 02111-1307, USA.
 */
/* This material is based upon work supported by the US Defense Advanced
Research Projects Agency under Contract No. W31P4Q-07-C-0070.
Approved for public release, distribution unlimited. */

#include <linuxk/lsync.h>
#include <cmte.map>

/* Set up a driver with Linux emulation. */
#define DRIVER(dname, prog, progpc, devcfgbit) \
CMTE(dname, prog, progpc, sched(8 /* or higher? */ )) \
dname##le = new node; \
dname##_proc iospace = misc DevicePrivs devcfgbit; \
dname##_proc key reg KR_DEVPRIVS = misc DevicePrivs devcfgbit; \
dname##_proc key reg KR_LINUX_EMUL = dname##le; \
dname = start dname##_proc 0;

#endif //__DRIVER_MAP_
