#ifndef __DYNDRIVER_MAP_
#define __DYNDRIVER_MAP_
/*
 * Copyright (C) 2008, Strawberry Development Group.
 *
 * This file is part of the CapROS Operating System runtime library.
 *
 * This library is free software; you can redistribute it and/or
 * modify it under the terms of the GNU Lesser General Public License
 * as published by the Free Software Foundation; either version 2
 * of the License, or (at your option) any later version.
 *
 * This library is distributed in the hope that it will be useful,
 * but WITHOUT ANY WARRANTY; without even the implied warranty of
 * MERCHANTABILITY or FITNESS FOR A PARTICULAR PURPOSE.  See the
 * GNU Lesser General Public License for more details.
 *
 * You should have received a copy of the GNU Lesser General Public
 * License along with this library; if not, write to the Free Software
 * Foundation, 59 Temple Place - Suite 330 Boston, MA 02111-1307, USA.
 */
/* This material is based upon work supported by the US Defense Advanced
Research Projects Agency under Contract No. W31P4Q-07-C-0070.
Approved for public release, distribution unlimited. */

#include <linuxk/lsync.h>
#include <supernode.map>

dynprotospace = ro small program LIBDIR "dyndriverprotospace";

/* Driver programs are loaded with code at 0x1000 and data at 0x00c00000.
   Therefore the l2v of prog is 22,
   the code is in prog[0], and data in prog[3]. */

/* Set up a constructor for a driver with Linux emulation. */
#define DYNDRIVER_CONSTRUCTOR(dname, prog, devcfgbit) \
dname##_prog = program segtree LIBDIR #prog ; \
MAKE_VIRTUAL_COPIER_SEG(dname##data, dname##_prog[3]); \
dname##le = new node; \
BOOT_CONSTRUCTOR(dname##_c, dname) \
PROD_SPACE(dname##_c) = dynprotospace; \
PROD_PC(dname##_c) = number(0); /* well-known */ \
PROD_CONSTIT(dname##_c, , KC_OSTREAM) = misc Console; \
PROD_CONSTIT(dname##_c, , KC_TEXT) = ro dname##_prog[0]; \
PROD_CONSTIT(dname##_c, , KC_DATAVCSK) = dname##data_c; \
PROD_CONSTIT(dname##_c, , KC_LINUX_EMUL) = dname##le; \
PROD_CONSTIT(dname##_c, , KC_SLEEP) = misc Sleep; \
PROD_CONSTIT(dname##_c, , KC_DEVPRIVS) = misc DevicePrivs devcfgbit; \
PROD_CONSTIT(dname##_c, , KC_SNODECONSTR) = snode_c;

#endif //__DYNDRIVER_MAP_
