/* -*- C -*- */

/*
 * Copyright (C) 2006, Strawberry Development Group.
 *
 * This file is part of the CapROS Operating System.
 *
 * This program is free software; you can redistribute it and/or
 * modify it under the terms of the GNU General Public License
 * as published by the Free Software Foundation; either version 2,
 * or (at your option) any later version.
 *
 * This program is distributed in the hope that it will be useful,
 * but WITHOUT ANY WARRANTY; without even the implied warranty of
 * MERCHANTABILITY or FITNESS FOR A PARTICULAR PURPOSE.  See the
 * GNU General Public License for more details.
 *
 * You should have received a copy of the GNU General Public License
 * along with this program; if not, write to the Free Software
 * Foundation, 59 Temple Place - Suite 330, Boston, MA 02111-1307, USA.
 */

serial.seg=small program LIBDIR "drivers/serial";
lower.seg = serial.seg;
upper.seg = clone serial.seg with lss 1; /* fixme: workaround */

lower.seg[31] = new page;
upper.seg[31] = new page;	/* per-proc thread */

print lower.seg;
print upper.seg;

lower=new domain;
lower pc=symbol LIBDIR "drivers/serial" _start;
lower space=lower.seg;
lower priority=sched(8);

run lower;

upper=new domain;
upper pc=symbol LIBDIR "drivers/serial" _start;
/* 
 * This copies the node that is the small program - but the stack is
 * allocated at startup independently for each thread by crt0, so we
 * share code and globals, but not stack.
 */

upper space = upper.seg;
upper priority = sched(8);

run upper;

lower key reg 2=lower;
lower key reg 4=primebank;
lower key reg 5=sched(8);
lower key reg 6 = number(0);
lower key reg 7 = misc ConsoleCreator;

upper key reg 2=upper;
upper key reg 4=primebank;
upper key reg 5=sched(8);
upper key reg 6 = number(1);
upper key reg 7 = misc ConsoleCreator;

print lower;
print upper;

hide lower;
serial=upper;
hide upper;
hide serial.seg;
hide upper.seg;
hide lower.seg;
