/*
 * Copyright (C) 2010, Strawberry Development Group.
 *
 * This file is part of the CapROS Operating System.
 *
 * This program is free software; you can redistribute it and/or
 * modify it under the terms of the GNU General Public License
 * as published by the Free Software Foundation; either version 2,
 * or (at your option) any later version.
 *
 * This program is distributed in the hope that it will be useful,
 * but WITHOUT ANY WARRANTY; without even the implied warranty of
 * MERCHANTABILITY or FITNESS FOR A PARTICULAR PURPOSE.  See the
 * GNU General Public License for more details.
 *
 * You should have received a copy of the GNU General Public License
 * along with this program; if not, write to the Free Software
 * Foundation, 59 Temple Place - Suite 330, Boston, MA 02111-1307, USA.
 */

#include <psb.map>

BOOT_CONSTRUCTOR(homehttprhc, homehttprh);

homehttprhLimit = number(4096);

PROD_SPACE(homehttprhc) = small program LIBDIR "homehttprh";
PROD_PC(homehttprhc) = symbol LIBDIR "homehttprh" _start;

PROD_CONSTIT(homehttprhc, KC_OSTREAM, 0) = misc Console;
PROD_CONSTIT(homehttprhc, KC_PROTOSPC, 1) = protospace;
PROD_CONSTIT(homehttprhc, KC_RTC, 3) = misc RTC;
PROD_CONSTIT(homehttprhc, KC_DataFile, 4) = void;	// set by test.c
PROD_CONSTIT(homehttprhc, KC_NPSB, 5) = psb;
