#ifndef _SUPERNODE_MAP_
#define _SUPERNODE_MAP_
/*
 * Copyright (C) 1998, 1999, Jonathan S. Shapiro.
 * Copyright (C) 2006, 2007, 2008, Strawberry Development Group.
 *
 * This file is part of the CapROS Operating System runtime library,
 * and is derived from the EROS Operating System runtime library.
 *
 * This library is free software; you can redistribute it and/or
 * modify it under the terms of the GNU Lesser General Public License
 * as published by the Free Software Foundation; either version 2
 * of the License, or (at your option) any later version.
 *
 * This library is distributed in the hope that it will be useful,
 * but WITHOUT ANY WARRANTY; without even the implied warranty of
 * MERCHANTABILITY or FITNESS FOR A PARTICULAR PURPOSE.  See the
 * GNU Lesser General Public License for more details.
 *
 * You should have received a copy of the GNU Lesser General Public
 * License along with this library; if not, write to the Free Software
 * Foundation, 59 Temple Place - Suite 330 Boston, MA 02111-1307, USA.
 */
/* This material is based upon work supported by the US Defense Advanced
Research Projects Agency under Contract No. W31P4Q-07-C-0070.
Approved for public release, distribution unlimited. */


/*********************************************
 * SUPERNODE
 *********************************************/

BOOT_CONSTRUCTOR(snode_c, snode);

PROD_SPACE(snode_c) = small program LIBDIR "supernode";
PROD_PC(snode_c) = symbol LIBDIR "supernode" _start;

PROD_CONSTIT(snode_c, KC_OSTREAM, 1) = misc Console;
PROD_CONSTIT(snode_c, KC_PROTOSPC, 2) = protospace;

/* no keeper, no symbol table */
#endif // _SUPERNODE_MAP_
