/*
 * Copyright (C) 1998, 1999, Jonathan S. Shapiro.
 * Copyright (C) 2006, Strawberry Development Group.
 *
 * This file is part of the EROS Operating System runtime library.
 *
 * This library is free software; you can redistribute it and/or
 * modify it under the terms of the GNU Lesser General Public License
 * as published by the Free Software Foundation; either version 2
 * of the License, or (at your option) any later version.
 *
 * This library is distributed in the hope that it will be useful,
 * but WITHOUT ANY WARRANTY; without even the implied warranty of
 * MERCHANTABILITY or FITNESS FOR A PARTICULAR PURPOSE.  See the
 * GNU Lesser General Public License for more details.
 *
 * You should have received a copy of the GNU Lesser General Public
 * License along with this library; if not, write to the Free Software
 * Foundation, 59 Temple Place - Suite 330 Boston, MA 02111-1307, USA.
 */

/**********************************************************
 * Set up a keyset constructor...
 **********************************************************/

BOOT_CONSTRUCTOR(keyset_c, keyset);

PROD_SPACE(keyset_c) = small program LIBDIR "keyset";
PROD_PC(keyset_c) = symbol LIBDIR "keyset" _start;

PROD_CONSTIT(keyset_c, KC_ZSF, 1) = zs_c;
PROD_CONSTIT(keyset_c, KC_PROTOSPC, 2) = protospace;
PROD_CONSTIT(keyset_c, KC_OSTREAM, 3) = misc Console;
PROD_CONSTIT(keyset_c, KC_KEYBITS, 4) = misc KeyBits;
PROD_CONSTIT(keyset_c, KC_DISCRIM, 5) = misc discrim;

/* no keeper, no symbol table */
